// Jest Snapshot v1, https://goo.gl/fbAQLP

exports[`Audit overview renders 1`] = `
<Fragment>
  <Component
    variant="light"
  >
    <Component>
      <Component
        headingLevel="h1"
        size="4xl"
      >
        Audit Investigation
      </Component>
      <Component
        component="p"
      >
        Here you can retrieve all the available information about past cases
      </Component>
    </Component>
  </Component>
  <Component
    isFilled={true}
    style={
      Object {
        "minHeight": "50em",
      }
    }
  >
    <div
      style={
        Object {
          "marginBottom": "var(--pf-global--spacer--lg)",
        }
      }
    >
      <Component
        variant="inline"
      >
        <Component>
          Last Opened:
        </Component>
        <SkeletonInlineStripe
          customStyle={
            Object {
              "height": "inherit",
            }
          }
        />
      </Component>
    </div>
    <AuditToolbar
      fromDate="2020-05-11"
      page={1}
      pageSize={10}
      setFromDate={[Function]}
      setPage={[Function]}
      setPageSize={[Function]}
      setSearchString={[Function]}
      setToDate={[Function]}
      toDate="2020-06-11"
      total={0}
    />
    <ExecutionTable
      data={
        Object {
          "status": "NOT_ASKED",
        }
      }
    />
    <Toolbar
      id="audit-list-bottom-toolbar"
      style={
        Object {
          "marginTop": "var(--pf-global--spacer--lg)",
        }
      }
    >
      <ToolbarContent
        isExpanded={false}
        showClearFiltersButton={false}
      >
        <Component
          variant="pagination"
        >
          <PaginationContainer
            onSetPage={[Function]}
            onSetPageSize={[Function]}
            page={1}
            pageSize={10}
            paginationId="audit-list-bottom-pagination"
            total={0}
          />
        </Component>
      </ToolbarContent>
    </Toolbar>
  </Component>
</Fragment>
`;
