// Jest Snapshot v1, https://goo.gl/fbAQLP

exports[`Audit overview renders 1`] = `
<Fragment>
  <PageSection
    variant="light"
  >
    <TextContent>
      <Title
        headingLevel="h1"
        size="4xl"
      >
        Audit Investigation
      </Title>
      <Text
        component="p"
      >
        Here you can retrieve all the available information about past cases
      </Text>
    </TextContent>
  </PageSection>
  <PageSection
    isFilled={true}
    style={
      Object {
        "minHeight": "50em",
      }
    }
  >
    <div
      style={
        Object {
          "marginBottom": "var(--pf-global--spacer--lg)",
        }
      }
    >
      <List
        variant="inline"
      >
        <ListItem>
          Last Opened:
        </ListItem>
        <SkeletonInlineStripe
          customStyle={
            Object {
              "height": "inherit",
            }
          }
        />
      </List>
    </div>
    <AuditToolbar
      fromDate="2020-05-05"
      page={1}
      pageSize={10}
      setFromDate={[Function]}
      setPage={[Function]}
      setPageSize={[Function]}
      setSearchString={[Function]}
      setToDate={[Function]}
      toDate="2020-06-05"
      total={0}
    />
    <ExecutionTable
      data={
        Object {
          "status": "NOT_ASKED",
        }
      }
    />
    <DataToolbar
      id="audit-list-bottom-toolbar"
      style={
        Object {
          "marginTop": "var(--pf-global--spacer--lg)",
        }
      }
    >
      <DataToolbarContent
        breakpointMods={Array []}
        isExpanded={false}
        showClearFiltersButton={false}
      >
        <DataToolbarItem
          variant="pagination"
        >
          <PaginationContainer
            onSetPage={[Function]}
            onSetPageSize={[Function]}
            page={1}
            pageSize={10}
            paginationId="audit-list-bottom-pagination"
            total={0}
          />
        </DataToolbarItem>
      </DataToolbarContent>
    </DataToolbar>
  </PageSection>
</Fragment>
`;
